Archive member included because of file (symbol)

c:/program files (x86)/atmel/avr tools/avr toolchain/bin/../lib/gcc/avr/4.5.1/avr4\libgcc.a(_udivmodhi4.o)
                              hardware.o (__udivmodhi4)
c:/program files (x86)/atmel/avr tools/avr toolchain/bin/../lib/gcc/avr/4.5.1/avr4\libgcc.a(_exit.o)
                              c:/program files (x86)/atmel/avr tools/avr toolchain/bin/../lib/gcc/avr/4.5.1/../../../../avr/lib/avr4/crtm8.o (exit)
c:/program files (x86)/atmel/avr tools/avr toolchain/bin/../lib/gcc/avr/4.5.1/avr4\libgcc.a(_copy_data.o)
                              Check_battery_firmware.o (__do_copy_data)
c:/program files (x86)/atmel/avr tools/avr toolchain/bin/../lib/gcc/avr/4.5.1/avr4\libgcc.a(_clear_bss.o)
                              Check_battery_firmware.o (__do_clear_bss)
c:/program files (x86)/atmel/avr tools/avr toolchain/bin/../lib/gcc/avr/4.5.1/avr4\libgcc.a(_mul_sf.o)
                              hardware.o (__mulsf3)
c:/program files (x86)/atmel/avr tools/avr toolchain/bin/../lib/gcc/avr/4.5.1/avr4\libgcc.a(_sf_to_si.o)
                              hardware.o (__fixsfsi)
c:/program files (x86)/atmel/avr tools/avr toolchain/bin/../lib/gcc/avr/4.5.1/avr4\libgcc.a(_thenan_sf.o)
                              c:/program files (x86)/atmel/avr tools/avr toolchain/bin/../lib/gcc/avr/4.5.1/avr4\libgcc.a(_mul_sf.o) (__thenan_sf)
c:/program files (x86)/atmel/avr tools/avr toolchain/bin/../lib/gcc/avr/4.5.1/avr4\libgcc.a(_usi_to_sf.o)
                              hardware.o (__floatunsisf)
c:/program files (x86)/atmel/avr tools/avr toolchain/bin/../lib/gcc/avr/4.5.1/avr4\libgcc.a(_prologue.o)
                              c:/program files (x86)/atmel/avr tools/avr toolchain/bin/../lib/gcc/avr/4.5.1/avr4\libgcc.a(_mul_sf.o) (__prologue_saves__)
c:/program files (x86)/atmel/avr tools/avr toolchain/bin/../lib/gcc/avr/4.5.1/avr4\libgcc.a(_epilogue.o)
                              c:/program files (x86)/atmel/avr tools/avr toolchain/bin/../lib/gcc/avr/4.5.1/avr4\libgcc.a(_mul_sf.o) (__epilogue_restores__)
c:/program files (x86)/atmel/avr tools/avr toolchain/bin/../lib/gcc/avr/4.5.1/avr4\libgcc.a(_clzsi2.o)
                              c:/program files (x86)/atmel/avr tools/avr toolchain/bin/../lib/gcc/avr/4.5.1/avr4\libgcc.a(_usi_to_sf.o) (__clzsi2)
c:/program files (x86)/atmel/avr tools/avr toolchain/bin/../lib/gcc/avr/4.5.1/avr4\libgcc.a(_pack_sf.o)
                              c:/program files (x86)/atmel/avr tools/avr toolchain/bin/../lib/gcc/avr/4.5.1/avr4\libgcc.a(_mul_sf.o) (__pack_f)
c:/program files (x86)/atmel/avr tools/avr toolchain/bin/../lib/gcc/avr/4.5.1/avr4\libgcc.a(_unpack_sf.o)
                              c:/program files (x86)/atmel/avr tools/avr toolchain/bin/../lib/gcc/avr/4.5.1/avr4\libgcc.a(_mul_sf.o) (__unpack_f)
c:/program files (x86)/atmel/avr tools/avr toolchain/bin/../lib/gcc/avr/4.5.1/avr4\libgcc.a(_clz.o)
                              c:/program files (x86)/atmel/avr tools/avr toolchain/bin/../lib/gcc/avr/4.5.1/avr4\libgcc.a(_clzsi2.o) (__clz_tab)

Memory Configuration

Name             Origin             Length             Attributes
text             0x00000000         0x00002000         xr
data             0x00800060         0x0000ffa0         rw !x
eeprom           0x00810000         0x00010000         rw !x
fuse             0x00820000         0x00000400         rw !x
lock             0x00830000         0x00000400         rw !x
signature        0x00840000         0x00000400         rw !x
*default*        0x00000000         0xffffffff

Linker script and memory map

LOAD c:/program files (x86)/atmel/avr tools/avr toolchain/bin/../lib/gcc/avr/4.5.1/../../../../avr/lib/avr4/crtm8.o
LOAD Check_battery_firmware.o
LOAD hardware.o
LOAD logic.o
LOAD c:/program files (x86)/atmel/avr tools/avr toolchain/bin/../lib/gcc/avr/4.5.1/avr4\libgcc.a
LOAD c:/program files (x86)/atmel/avr tools/avr toolchain/bin/../lib/gcc/avr/4.5.1/../../../../avr/lib/avr4\libc.a
LOAD c:/program files (x86)/atmel/avr tools/avr toolchain/bin/../lib/gcc/avr/4.5.1/avr4\libgcc.a

.hash
 *(.hash)

.dynsym
 *(.dynsym)

.dynstr
 *(.dynstr)

.gnu.version
 *(.gnu.version)

.gnu.version_d
 *(.gnu.version_d)

.gnu.version_r
 *(.gnu.version_r)

.rel.init
 *(.rel.init)

.rela.init
 *(.rela.init)

.rel.text
 *(.rel.text)
 *(.rel.text.*)
 *(.rel.gnu.linkonce.t*)

.rela.text
 *(.rela.text)
 *(.rela.text.*)
 *(.rela.gnu.linkonce.t*)

.rel.fini
 *(.rel.fini)

.rela.fini
 *(.rela.fini)

.rel.rodata
 *(.rel.rodata)
 *(.rel.rodata.*)
 *(.rel.gnu.linkonce.r*)

.rela.rodata
 *(.rela.rodata)
 *(.rela.rodata.*)
 *(.rela.gnu.linkonce.r*)

.rel.data
 *(.rel.data)
 *(.rel.data.*)
 *(.rel.gnu.linkonce.d*)

.rela.data
 *(.rela.data)
 *(.rela.data.*)
 *(.rela.gnu.linkonce.d*)

.rel.ctors
 *(.rel.ctors)

.rela.ctors
 *(.rela.ctors)

.rel.dtors
 *(.rel.dtors)

.rela.dtors
 *(.rela.dtors)

.rel.got
 *(.rel.got)

.rela.got
 *(.rela.got)

.rel.bss
 *(.rel.bss)

.rela.bss
 *(.rela.bss)

.rel.plt
 *(.rel.plt)

.rela.plt
 *(.rela.plt)

.text           0x00000000      0xc9c
 *(.vectors)
 .vectors       0x00000000       0x26 c:/program files (x86)/atmel/avr tools/avr toolchain/bin/../lib/gcc/avr/4.5.1/../../../../avr/lib/avr4/crtm8.o
                0x00000000                __vector_default
                0x00000000                __vectors
 *(.vectors)
 *(.progmem.gcc*)
 *(.progmem*)
                0x00000026                . = ALIGN (0x2)
                0x00000026                __trampolines_start = .
 *(.trampolines)
 .trampolines   0x00000026        0x0 linker stubs
 *(.trampolines*)
                0x00000026                __trampolines_end = .
 *(.jumptables)
 *(.jumptables*)
 *(.lowtext)
 *(.lowtext*)
                0x00000026                __ctors_start = .
 *(.ctors)
                0x00000026                __ctors_end = .
                0x00000026                __dtors_start = .
 *(.dtors)
                0x00000026                __dtors_end = .
 SORT(*)(.ctors)
 SORT(*)(.dtors)
 *(.init0)
 .init0         0x00000026        0x0 c:/program files (x86)/atmel/avr tools/avr toolchain/bin/../lib/gcc/avr/4.5.1/../../../../avr/lib/avr4/crtm8.o
                0x00000026                __init
 *(.init0)
 *(.init1)
 *(.init1)
 *(.init2)
 .init2         0x00000026        0xc c:/program files (x86)/atmel/avr tools/avr toolchain/bin/../lib/gcc/avr/4.5.1/../../../../avr/lib/avr4/crtm8.o
 *(.init2)
 *(.init3)
 *(.init3)
 *(.init4)
 .init4         0x00000032       0x16 c:/program files (x86)/atmel/avr tools/avr toolchain/bin/../lib/gcc/avr/4.5.1/avr4\libgcc.a(_copy_data.o)
                0x00000032                __do_copy_data
 .init4         0x00000048       0x10 c:/program files (x86)/atmel/avr tools/avr toolchain/bin/../lib/gcc/avr/4.5.1/avr4\libgcc.a(_clear_bss.o)
                0x00000048                __do_clear_bss
 *(.init4)
 *(.init5)
 *(.init5)
 *(.init6)
 *(.init6)
 *(.init7)
 *(.init7)
 *(.init8)
 *(.init8)
 *(.init9)
 .init9         0x00000058        0x4 c:/program files (x86)/atmel/avr tools/avr toolchain/bin/../lib/gcc/avr/4.5.1/../../../../avr/lib/avr4/crtm8.o
 *(.init9)
 *(.text)
 .text          0x0000005c        0x2 c:/program files (x86)/atmel/avr tools/avr toolchain/bin/../lib/gcc/avr/4.5.1/../../../../avr/lib/avr4/crtm8.o
                0x0000005c                __vector_1
                0x0000005c                __vector_12
                0x0000005c                __bad_interrupt
                0x0000005c                __vector_6
                0x0000005c                __vector_3
                0x0000005c                __vector_11
                0x0000005c                __vector_13
                0x0000005c                __vector_17
                0x0000005c                __vector_7
                0x0000005c                __vector_5
                0x0000005c                __vector_4
                0x0000005c                __vector_2
                0x0000005c                __vector_15
                0x0000005c                __vector_8
                0x0000005c                __vector_10
                0x0000005c                __vector_16
                0x0000005c                __vector_18
 .text          0x0000005e      0x16c Check_battery_firmware.o
                0x0000005e                __vector_9
                0x000000a4                __vector_14
                0x000000ea                USART_RX_vect
                0x000000fe                main
 .text          0x000001ca      0x3a8 hardware.o
                0x000001ca                func_timer0_ovf
                0x0000020c                func_convertion_data
                0x0000026c                func_check_threshold
                0x0000028c                func_send_ADC_result
                0x00000394                is_bitf
                0x000003f8                clrbf
                0x00000498                setbf
                0x00000528                func_ADC
 .text          0x00000572        0x0 logic.o
 .text          0x00000572        0x0 c:/program files (x86)/atmel/avr tools/avr toolchain/bin/../lib/gcc/avr/4.5.1/avr4\libgcc.a(_udivmodhi4.o)
 .text          0x00000572        0x0 c:/program files (x86)/atmel/avr tools/avr toolchain/bin/../lib/gcc/avr/4.5.1/avr4\libgcc.a(_exit.o)
 .text          0x00000572        0x0 c:/program files (x86)/atmel/avr tools/avr toolchain/bin/../lib/gcc/avr/4.5.1/avr4\libgcc.a(_copy_data.o)
 .text          0x00000572        0x0 c:/program files (x86)/atmel/avr tools/avr toolchain/bin/../lib/gcc/avr/4.5.1/avr4\libgcc.a(_clear_bss.o)
 .text          0x00000572      0x1ea c:/program files (x86)/atmel/avr tools/avr toolchain/bin/../lib/gcc/avr/4.5.1/avr4\libgcc.a(_mul_sf.o)
                0x00000572                __mulsf3
 .text          0x0000075c       0x9e c:/program files (x86)/atmel/avr tools/avr toolchain/bin/../lib/gcc/avr/4.5.1/avr4\libgcc.a(_sf_to_si.o)
                0x0000075c                __fixsfsi
 .text          0x000007fa        0x0 c:/program files (x86)/atmel/avr tools/avr toolchain/bin/../lib/gcc/avr/4.5.1/avr4\libgcc.a(_thenan_sf.o)
 .text          0x000007fa       0xe8 c:/program files (x86)/atmel/avr tools/avr toolchain/bin/../lib/gcc/avr/4.5.1/avr4\libgcc.a(_usi_to_sf.o)
                0x000007fa                __floatunsisf
 .text          0x000008e2        0x0 c:/program files (x86)/atmel/avr tools/avr toolchain/bin/../lib/gcc/avr/4.5.1/avr4\libgcc.a(_prologue.o)
 .text          0x000008e2        0x0 c:/program files (x86)/atmel/avr tools/avr toolchain/bin/../lib/gcc/avr/4.5.1/avr4\libgcc.a(_epilogue.o)
 .text          0x000008e2       0xb4 c:/program files (x86)/atmel/avr tools/avr toolchain/bin/../lib/gcc/avr/4.5.1/avr4\libgcc.a(_clzsi2.o)
                0x000008e2                __clzsi2
 .text          0x00000996      0x19a c:/program files (x86)/atmel/avr tools/avr toolchain/bin/../lib/gcc/avr/4.5.1/avr4\libgcc.a(_pack_sf.o)
                0x00000996                __pack_f
 .text          0x00000b30       0xd2 c:/program files (x86)/atmel/avr tools/avr toolchain/bin/../lib/gcc/avr/4.5.1/avr4\libgcc.a(_unpack_sf.o)
                0x00000b30                __unpack_f
 .text          0x00000c02        0x0 c:/program files (x86)/atmel/avr tools/avr toolchain/bin/../lib/gcc/avr/4.5.1/avr4\libgcc.a(_clz.o)
                0x00000c02                . = ALIGN (0x2)
 *(.text.*)
 .text.libgcc   0x00000c02       0x28 c:/program files (x86)/atmel/avr tools/avr toolchain/bin/../lib/gcc/avr/4.5.1/avr4\libgcc.a(_udivmodhi4.o)
                0x00000c02                __udivmodhi4
 .text.libgcc   0x00000c2a        0x0 c:/program files (x86)/atmel/avr tools/avr toolchain/bin/../lib/gcc/avr/4.5.1/avr4\libgcc.a(_exit.o)
 .text.libgcc   0x00000c2a        0x0 c:/program files (x86)/atmel/avr tools/avr toolchain/bin/../lib/gcc/avr/4.5.1/avr4\libgcc.a(_copy_data.o)
 .text.libgcc   0x00000c2a        0x0 c:/program files (x86)/atmel/avr tools/avr toolchain/bin/../lib/gcc/avr/4.5.1/avr4\libgcc.a(_clear_bss.o)
 .text.libgcc   0x00000c2a       0x38 c:/program files (x86)/atmel/avr tools/avr toolchain/bin/../lib/gcc/avr/4.5.1/avr4\libgcc.a(_prologue.o)
                0x00000c2a                __prologue_saves__
 .text.libgcc   0x00000c62       0x36 c:/program files (x86)/atmel/avr tools/avr toolchain/bin/../lib/gcc/avr/4.5.1/avr4\libgcc.a(_epilogue.o)
                0x00000c62                __epilogue_restores__
                0x00000c98                . = ALIGN (0x2)
 *(.fini9)
 .fini9         0x00000c98        0x0 c:/program files (x86)/atmel/avr tools/avr toolchain/bin/../lib/gcc/avr/4.5.1/avr4\libgcc.a(_exit.o)
                0x00000c98                _exit
                0x00000c98                exit
 *(.fini9)
 *(.fini8)
 *(.fini8)
 *(.fini7)
 *(.fini7)
 *(.fini6)
 *(.fini6)
 *(.fini5)
 *(.fini5)
 *(.fini4)
 *(.fini4)
 *(.fini3)
 *(.fini3)
 *(.fini2)
 *(.fini2)
 *(.fini1)
 *(.fini1)
 *(.fini0)
 .fini0         0x00000c98        0x4 c:/program files (x86)/atmel/avr tools/avr toolchain/bin/../lib/gcc/avr/4.5.1/avr4\libgcc.a(_exit.o)
 *(.fini0)
                0x00000c9c                _etext = .

.data           0x00800060      0x1fc load address 0x00000c9c
                0x00800060                PROVIDE (__data_start, .)
 *(.data)
 .data          0x00800060        0x0 c:/program files (x86)/atmel/avr tools/avr toolchain/bin/../lib/gcc/avr/4.5.1/../../../../avr/lib/avr4/crtm8.o
 .data          0x00800060       0x21 Check_battery_firmware.o
                0x00800060                t
                0x00800064                bt
                0x00800068                mystr
                0x00800080                flag_plus
 .data          0x00800081       0xd2 hardware.o
                0x00800081                at
                0x00800085                ADC_0
                0x00800099                ADC_1
                0x008000ad                ADC_2
                0x008000c1                ADC_3
                0x008000d5                ADC_4
                0x008000e9                ADC_5
                0x008000fd                ADC_6
                0x00800111                ADC_7
                0x00800125                ADC_default
                0x0080013e                next_string
                0x0080013f                new_line
                0x00800140                digits
                0x0080014a                k_OAmp
                0x0080014b                Vi
                0x0080014c                R2
                0x0080014e                discharge
                0x0080014f                end_of_discharge
                0x00800150                LED_threshold
                0x00800151                Num_Conver
 .data          0x00800153        0x0 logic.o
 .data          0x00800153        0x0 c:/program files (x86)/atmel/avr tools/avr toolchain/bin/../lib/gcc/avr/4.5.1/avr4\libgcc.a(_udivmodhi4.o)
 .data          0x00800153        0x0 c:/program files (x86)/atmel/avr tools/avr toolchain/bin/../lib/gcc/avr/4.5.1/avr4\libgcc.a(_exit.o)
 .data          0x00800153        0x0 c:/program files (x86)/atmel/avr tools/avr toolchain/bin/../lib/gcc/avr/4.5.1/avr4\libgcc.a(_copy_data.o)
 .data          0x00800153        0x0 c:/program files (x86)/atmel/avr tools/avr toolchain/bin/../lib/gcc/avr/4.5.1/avr4\libgcc.a(_clear_bss.o)
 .data          0x00800153        0x0 c:/program files (x86)/atmel/avr tools/avr toolchain/bin/../lib/gcc/avr/4.5.1/avr4\libgcc.a(_mul_sf.o)
 .data          0x00800153        0x0 c:/program files (x86)/atmel/avr tools/avr toolchain/bin/../lib/gcc/avr/4.5.1/avr4\libgcc.a(_sf_to_si.o)
 .data          0x00800153        0x8 c:/program files (x86)/atmel/avr tools/avr toolchain/bin/../lib/gcc/avr/4.5.1/avr4\libgcc.a(_thenan_sf.o)
                0x00800153                __thenan_sf
 .data          0x0080015b        0x0 c:/program files (x86)/atmel/avr tools/avr toolchain/bin/../lib/gcc/avr/4.5.1/avr4\libgcc.a(_usi_to_sf.o)
 .data          0x0080015b        0x0 c:/program files (x86)/atmel/avr tools/avr toolchain/bin/../lib/gcc/avr/4.5.1/avr4\libgcc.a(_prologue.o)
 .data          0x0080015b        0x0 c:/program files (x86)/atmel/avr tools/avr toolchain/bin/../lib/gcc/avr/4.5.1/avr4\libgcc.a(_epilogue.o)
 .data          0x0080015b        0x0 c:/program files (x86)/atmel/avr tools/avr toolchain/bin/../lib/gcc/avr/4.5.1/avr4\libgcc.a(_clzsi2.o)
 .data          0x0080015b        0x0 c:/program files (x86)/atmel/avr tools/avr toolchain/bin/../lib/gcc/avr/4.5.1/avr4\libgcc.a(_pack_sf.o)
 .data          0x0080015b        0x0 c:/program files (x86)/atmel/avr tools/avr toolchain/bin/../lib/gcc/avr/4.5.1/avr4\libgcc.a(_unpack_sf.o)
 .data          0x0080015b      0x100 c:/program files (x86)/atmel/avr tools/avr toolchain/bin/../lib/gcc/avr/4.5.1/avr4\libgcc.a(_clz.o)
                0x0080015b                __clz_tab
 *(.data*)
 *(.rodata)
 *(.rodata*)
 *(.gnu.linkonce.d*)
                0x0080025c                . = ALIGN (0x2)
 *fill*         0x0080025b        0x1 00
                0x0080025c                _edata = .
                0x0080025c                PROVIDE (__data_end, .)

.bss            0x0080025c       0x1c
                0x0080025c                PROVIDE (__bss_start, .)
 *(.bss)
 .bss           0x0080025c        0x0 c:/program files (x86)/atmel/avr tools/avr toolchain/bin/../lib/gcc/avr/4.5.1/../../../../avr/lib/avr4/crtm8.o
 .bss           0x0080025c        0x2 Check_battery_firmware.o
                0x0080025c                count
 .bss           0x0080025e       0x1a hardware.o
                0x0080025e                number_symbol
                0x0080025f                Num_Com
                0x00800261                dist_thouthend
                0x00800262                dist_hundrets
                0x00800263                dist_tens
                0x00800264                dist_ones
                0x00800265                VAR
                0x00800267                i
                0x00800268                VAR_U
                0x0080026a                VAR_R
                0x0080026c                count_time_LED
                0x0080026e                count_time_ADC
 .bss           0x00800278        0x0 logic.o
 .bss           0x00800278        0x0 c:/program files (x86)/atmel/avr tools/avr toolchain/bin/../lib/gcc/avr/4.5.1/avr4\libgcc.a(_udivmodhi4.o)
 .bss           0x00800278        0x0 c:/program files (x86)/atmel/avr tools/avr toolchain/bin/../lib/gcc/avr/4.5.1/avr4\libgcc.a(_exit.o)
 .bss           0x00800278        0x0 c:/program files (x86)/atmel/avr tools/avr toolchain/bin/../lib/gcc/avr/4.5.1/avr4\libgcc.a(_copy_data.o)
 .bss           0x00800278        0x0 c:/program files (x86)/atmel/avr tools/avr toolchain/bin/../lib/gcc/avr/4.5.1/avr4\libgcc.a(_clear_bss.o)
 .bss           0x00800278        0x0 c:/program files (x86)/atmel/avr tools/avr toolchain/bin/../lib/gcc/avr/4.5.1/avr4\libgcc.a(_mul_sf.o)
 .bss           0x00800278        0x0 c:/program files (x86)/atmel/avr tools/avr toolchain/bin/../lib/gcc/avr/4.5.1/avr4\libgcc.a(_sf_to_si.o)
 .bss           0x00800278        0x0 c:/program files (x86)/atmel/avr tools/avr toolchain/bin/../lib/gcc/avr/4.5.1/avr4\libgcc.a(_thenan_sf.o)
 .bss           0x00800278        0x0 c:/program files (x86)/atmel/avr tools/avr toolchain/bin/../lib/gcc/avr/4.5.1/avr4\libgcc.a(_usi_to_sf.o)
 .bss           0x00800278        0x0 c:/program files (x86)/atmel/avr tools/avr toolchain/bin/../lib/gcc/avr/4.5.1/avr4\libgcc.a(_prologue.o)
 .bss           0x00800278        0x0 c:/program files (x86)/atmel/avr tools/avr toolchain/bin/../lib/gcc/avr/4.5.1/avr4\libgcc.a(_epilogue.o)
 .bss           0x00800278        0x0 c:/program files (x86)/atmel/avr tools/avr toolchain/bin/../lib/gcc/avr/4.5.1/avr4\libgcc.a(_clzsi2.o)
 .bss           0x00800278        0x0 c:/program files (x86)/atmel/avr tools/avr toolchain/bin/../lib/gcc/avr/4.5.1/avr4\libgcc.a(_pack_sf.o)
 .bss           0x00800278        0x0 c:/program files (x86)/atmel/avr tools/avr toolchain/bin/../lib/gcc/avr/4.5.1/avr4\libgcc.a(_unpack_sf.o)
 .bss           0x00800278        0x0 c:/program files (x86)/atmel/avr tools/avr toolchain/bin/../lib/gcc/avr/4.5.1/avr4\libgcc.a(_clz.o)
 *(.bss*)
 *(COMMON)
                0x00800278                PROVIDE (__bss_end, .)
                0x00000c9c                __data_load_start = LOADADDR (.data)
                0x00000e98                __data_load_end = (__data_load_start + SIZEOF (.data))

.noinit         0x00800278        0x0
                0x00800278                PROVIDE (__noinit_start, .)
 *(.noinit*)
                0x00800278                PROVIDE (__noinit_end, .)
                0x00800278                _end = .
                0x00800278                PROVIDE (__heap_start, .)

.eeprom         0x00810000        0x0
 *(.eeprom*)
                0x00810000                __eeprom_end = .

.fuse
 *(.fuse)
 *(.lfuse)
 *(.hfuse)
 *(.efuse)

.lock
 *(.lock*)

.signature
 *(.signature*)

.stab           0x00000000      0x6cc
 *(.stab)
 .stab          0x00000000      0x6cc c:/program files (x86)/atmel/avr tools/avr toolchain/bin/../lib/gcc/avr/4.5.1/../../../../avr/lib/avr4/crtm8.o

.stabstr        0x00000000       0x85
 *(.stabstr)
 .stabstr       0x00000000       0x85 c:/program files (x86)/atmel/avr tools/avr toolchain/bin/../lib/gcc/avr/4.5.1/../../../../avr/lib/avr4/crtm8.o

.stab.excl
 *(.stab.excl)

.stab.exclstr
 *(.stab.exclstr)

.stab.index
 *(.stab.index)

.stab.indexstr
 *(.stab.indexstr)

.comment
 *(.comment)

.debug
 *(.debug)

.line
 *(.line)

.debug_srcinfo
 *(.debug_srcinfo)

.debug_sfnames
 *(.debug_sfnames)

.debug_aranges  0x00000000      0x100
 *(.debug_aranges)
 .debug_aranges
                0x00000000       0x20 Check_battery_firmware.o
 .debug_aranges
                0x00000020       0x20 hardware.o
 .debug_aranges
                0x00000040       0x20 c:/program files (x86)/atmel/avr tools/avr toolchain/bin/../lib/gcc/avr/4.5.1/avr4\libgcc.a(_mul_sf.o)
 .debug_aranges
                0x00000060       0x20 c:/program files (x86)/atmel/avr tools/avr toolchain/bin/../lib/gcc/avr/4.5.1/avr4\libgcc.a(_sf_to_si.o)
 .debug_aranges
                0x00000080       0x20 c:/program files (x86)/atmel/avr tools/avr toolchain/bin/../lib/gcc/avr/4.5.1/avr4\libgcc.a(_usi_to_sf.o)
 .debug_aranges
                0x000000a0       0x20 c:/program files (x86)/atmel/avr tools/avr toolchain/bin/../lib/gcc/avr/4.5.1/avr4\libgcc.a(_clzsi2.o)
 .debug_aranges
                0x000000c0       0x20 c:/program files (x86)/atmel/avr tools/avr toolchain/bin/../lib/gcc/avr/4.5.1/avr4\libgcc.a(_pack_sf.o)
 .debug_aranges
                0x000000e0       0x20 c:/program files (x86)/atmel/avr tools/avr toolchain/bin/../lib/gcc/avr/4.5.1/avr4\libgcc.a(_unpack_sf.o)

.debug_pubnames
                0x00000000      0x3b0
 *(.debug_pubnames)
 .debug_pubnames
                0x00000000       0x7b Check_battery_firmware.o
 .debug_pubnames
                0x0000007b      0x231 hardware.o
 .debug_pubnames
                0x000002ac       0x1f c:/program files (x86)/atmel/avr tools/avr toolchain/bin/../lib/gcc/avr/4.5.1/avr4\libgcc.a(_mul_sf.o)
 .debug_pubnames
                0x000002cb       0x20 c:/program files (x86)/atmel/avr tools/avr toolchain/bin/../lib/gcc/avr/4.5.1/avr4\libgcc.a(_sf_to_si.o)
 .debug_pubnames
                0x000002eb       0x22 c:/program files (x86)/atmel/avr tools/avr toolchain/bin/../lib/gcc/avr/4.5.1/avr4\libgcc.a(_thenan_sf.o)
 .debug_pubnames
                0x0000030d       0x24 c:/program files (x86)/atmel/avr tools/avr toolchain/bin/../lib/gcc/avr/4.5.1/avr4\libgcc.a(_usi_to_sf.o)
 .debug_pubnames
                0x00000331       0x1f c:/program files (x86)/atmel/avr tools/avr toolchain/bin/../lib/gcc/avr/4.5.1/avr4\libgcc.a(_clzsi2.o)
 .debug_pubnames
                0x00000350       0x1f c:/program files (x86)/atmel/avr tools/avr toolchain/bin/../lib/gcc/avr/4.5.1/avr4\libgcc.a(_pack_sf.o)
 .debug_pubnames
                0x0000036f       0x21 c:/program files (x86)/atmel/avr tools/avr toolchain/bin/../lib/gcc/avr/4.5.1/avr4\libgcc.a(_unpack_sf.o)
 .debug_pubnames
                0x00000390       0x20 c:/program files (x86)/atmel/avr tools/avr toolchain/bin/../lib/gcc/avr/4.5.1/avr4\libgcc.a(_clz.o)

.debug_info     0x00000000     0x1aec
 *(.debug_info)
 .debug_info    0x00000000      0x2e8 Check_battery_firmware.o
 .debug_info    0x000002e8      0x6dc hardware.o
 .debug_info    0x000009c4        0x0 logic.o
 .debug_info    0x000009c4      0x3ec c:/program files (x86)/atmel/avr tools/avr toolchain/bin/../lib/gcc/avr/4.5.1/avr4\libgcc.a(_mul_sf.o)
 .debug_info    0x00000db0      0x2a5 c:/program files (x86)/atmel/avr tools/avr toolchain/bin/../lib/gcc/avr/4.5.1/avr4\libgcc.a(_sf_to_si.o)
 .debug_info    0x00001055      0x15e c:/program files (x86)/atmel/avr tools/avr toolchain/bin/../lib/gcc/avr/4.5.1/avr4\libgcc.a(_thenan_sf.o)
 .debug_info    0x000011b3      0x232 c:/program files (x86)/atmel/avr tools/avr toolchain/bin/../lib/gcc/avr/4.5.1/avr4\libgcc.a(_usi_to_sf.o)
 .debug_info    0x000013e5      0x12c c:/program files (x86)/atmel/avr tools/avr toolchain/bin/../lib/gcc/avr/4.5.1/avr4\libgcc.a(_clzsi2.o)
 .debug_info    0x00001511      0x2d9 c:/program files (x86)/atmel/avr tools/avr toolchain/bin/../lib/gcc/avr/4.5.1/avr4\libgcc.a(_pack_sf.o)
 .debug_info    0x000017ea      0x25c c:/program files (x86)/atmel/avr tools/avr toolchain/bin/../lib/gcc/avr/4.5.1/avr4\libgcc.a(_unpack_sf.o)
 .debug_info    0x00001a46       0xa6 c:/program files (x86)/atmel/avr tools/avr toolchain/bin/../lib/gcc/avr/4.5.1/avr4\libgcc.a(_clz.o)
 *(.gnu.linkonce.wi.*)

.debug_abbrev   0x00000000      0xcc4
 *(.debug_abbrev)
 .debug_abbrev  0x00000000      0x187 Check_battery_firmware.o
 .debug_abbrev  0x00000187      0x1c6 hardware.o
 .debug_abbrev  0x0000034d        0x1 logic.o
 .debug_abbrev  0x0000034e      0x1d9 c:/program files (x86)/atmel/avr tools/avr toolchain/bin/../lib/gcc/avr/4.5.1/avr4\libgcc.a(_mul_sf.o)
 .debug_abbrev  0x00000527      0x160 c:/program files (x86)/atmel/avr tools/avr toolchain/bin/../lib/gcc/avr/4.5.1/avr4\libgcc.a(_sf_to_si.o)
 .debug_abbrev  0x00000687       0xcb c:/program files (x86)/atmel/avr tools/avr toolchain/bin/../lib/gcc/avr/4.5.1/avr4\libgcc.a(_thenan_sf.o)
 .debug_abbrev  0x00000752      0x173 c:/program files (x86)/atmel/avr tools/avr toolchain/bin/../lib/gcc/avr/4.5.1/avr4\libgcc.a(_usi_to_sf.o)
 .debug_abbrev  0x000008c5       0xce c:/program files (x86)/atmel/avr tools/avr toolchain/bin/../lib/gcc/avr/4.5.1/avr4\libgcc.a(_clzsi2.o)
 .debug_abbrev  0x00000993      0x185 c:/program files (x86)/atmel/avr tools/avr toolchain/bin/../lib/gcc/avr/4.5.1/avr4\libgcc.a(_pack_sf.o)
 .debug_abbrev  0x00000b18      0x14b c:/program files (x86)/atmel/avr tools/avr toolchain/bin/../lib/gcc/avr/4.5.1/avr4\libgcc.a(_unpack_sf.o)
 .debug_abbrev  0x00000c63       0x61 c:/program files (x86)/atmel/avr tools/avr toolchain/bin/../lib/gcc/avr/4.5.1/avr4\libgcc.a(_clz.o)

.debug_line     0x00000000     0x12d9
 *(.debug_line)
 .debug_line    0x00000000      0x2ea Check_battery_firmware.o
 .debug_line    0x000002ea      0x4fe hardware.o
 .debug_line    0x000007e8       0x24 logic.o
 .debug_line    0x0000080c      0x28a c:/program files (x86)/atmel/avr tools/avr toolchain/bin/../lib/gcc/avr/4.5.1/avr4\libgcc.a(_mul_sf.o)
 .debug_line    0x00000a96      0x13f c:/program files (x86)/atmel/avr tools/avr toolchain/bin/../lib/gcc/avr/4.5.1/avr4\libgcc.a(_sf_to_si.o)
 .debug_line    0x00000bd5       0xb2 c:/program files (x86)/atmel/avr tools/avr toolchain/bin/../lib/gcc/avr/4.5.1/avr4\libgcc.a(_thenan_sf.o)
 .debug_line    0x00000c87      0x15b c:/program files (x86)/atmel/avr tools/avr toolchain/bin/../lib/gcc/avr/4.5.1/avr4\libgcc.a(_usi_to_sf.o)
 .debug_line    0x00000de2       0xef c:/program files (x86)/atmel/avr tools/avr toolchain/bin/../lib/gcc/avr/4.5.1/avr4\libgcc.a(_clzsi2.o)
 .debug_line    0x00000ed1      0x1f5 c:/program files (x86)/atmel/avr tools/avr toolchain/bin/../lib/gcc/avr/4.5.1/avr4\libgcc.a(_pack_sf.o)
 .debug_line    0x000010c6      0x175 c:/program files (x86)/atmel/avr tools/avr toolchain/bin/../lib/gcc/avr/4.5.1/avr4\libgcc.a(_unpack_sf.o)
 .debug_line    0x0000123b       0x9e c:/program files (x86)/atmel/avr tools/avr toolchain/bin/../lib/gcc/avr/4.5.1/avr4\libgcc.a(_clz.o)

.debug_frame    0x00000000      0x1a0
 *(.debug_frame)
 .debug_frame   0x00000000       0x50 Check_battery_firmware.o
 .debug_frame   0x00000050       0x90 hardware.o
 .debug_frame   0x000000e0       0x20 c:/program files (x86)/atmel/avr tools/avr toolchain/bin/../lib/gcc/avr/4.5.1/avr4\libgcc.a(_mul_sf.o)
 .debug_frame   0x00000100       0x20 c:/program files (x86)/atmel/avr tools/avr toolchain/bin/../lib/gcc/avr/4.5.1/avr4\libgcc.a(_sf_to_si.o)
 .debug_frame   0x00000120       0x20 c:/program files (x86)/atmel/avr tools/avr toolchain/bin/../lib/gcc/avr/4.5.1/avr4\libgcc.a(_usi_to_sf.o)
 .debug_frame   0x00000140       0x20 c:/program files (x86)/atmel/avr tools/avr toolchain/bin/../lib/gcc/avr/4.5.1/avr4\libgcc.a(_clzsi2.o)
 .debug_frame   0x00000160       0x20 c:/program files (x86)/atmel/avr tools/avr toolchain/bin/../lib/gcc/avr/4.5.1/avr4\libgcc.a(_pack_sf.o)
 .debug_frame   0x00000180       0x20 c:/program files (x86)/atmel/avr tools/avr toolchain/bin/../lib/gcc/avr/4.5.1/avr4\libgcc.a(_unpack_sf.o)

.debug_str      0x00000000      0x542
 *(.debug_str)
 .debug_str     0x00000000      0x13d Check_battery_firmware.o
                                0x176 (size before relaxing)
 .debug_str     0x0000013d      0x1ac hardware.o
                                0x287 (size before relaxing)
 .debug_str     0x000002e9      0x195 c:/program files (x86)/atmel/avr tools/avr toolchain/bin/../lib/gcc/avr/4.5.1/avr4\libgcc.a(_mul_sf.o)
                                0x1fc (size before relaxing)
 .debug_str     0x0000047e        0xa c:/program files (x86)/atmel/avr tools/avr toolchain/bin/../lib/gcc/avr/4.5.1/avr4\libgcc.a(_sf_to_si.o)
                                0x1d3 (size before relaxing)
 .debug_str     0x00000000      0x175 c:/program files (x86)/atmel/avr tools/avr toolchain/bin/../lib/gcc/avr/4.5.1/avr4\libgcc.a(_thenan_sf.o)
 .debug_str     0x00000488       0x2a c:/program files (x86)/atmel/avr tools/avr toolchain/bin/../lib/gcc/avr/4.5.1/avr4\libgcc.a(_usi_to_sf.o)
                                0x1b5 (size before relaxing)
 .debug_str     0x000004b2       0x75 c:/program files (x86)/atmel/avr tools/avr toolchain/bin/../lib/gcc/avr/4.5.1/avr4\libgcc.a(_clzsi2.o)
                                0x168 (size before relaxing)
 .debug_str     0x00000527       0x10 c:/program files (x86)/atmel/avr tools/avr toolchain/bin/../lib/gcc/avr/4.5.1/avr4\libgcc.a(_pack_sf.o)
                                0x1d2 (size before relaxing)
 .debug_str     0x00000537        0xb c:/program files (x86)/atmel/avr tools/avr toolchain/bin/../lib/gcc/avr/4.5.1/avr4\libgcc.a(_unpack_sf.o)
                                0x1b4 (size before relaxing)
 .debug_str     0x00000000      0x14b c:/program files (x86)/atmel/avr tools/avr toolchain/bin/../lib/gcc/avr/4.5.1/avr4\libgcc.a(_clz.o)

.debug_loc      0x00000000      0xa08
 *(.debug_loc)
 .debug_loc     0x00000000       0x28 Check_battery_firmware.o
 .debug_loc     0x00000028      0x298 hardware.o
 .debug_loc     0x000002c0      0x2a4 c:/program files (x86)/atmel/avr tools/avr toolchain/bin/../lib/gcc/avr/4.5.1/avr4\libgcc.a(_mul_sf.o)
 .debug_loc     0x00000564       0x56 c:/program files (x86)/atmel/avr tools/avr toolchain/bin/../lib/gcc/avr/4.5.1/avr4\libgcc.a(_sf_to_si.o)
 .debug_loc     0x000005ba       0x96 c:/program files (x86)/atmel/avr tools/avr toolchain/bin/../lib/gcc/avr/4.5.1/avr4\libgcc.a(_usi_to_sf.o)
 .debug_loc     0x00000650       0xb2 c:/program files (x86)/atmel/avr tools/avr toolchain/bin/../lib/gcc/avr/4.5.1/avr4\libgcc.a(_clzsi2.o)
 .debug_loc     0x00000702      0x1f5 c:/program files (x86)/atmel/avr tools/avr toolchain/bin/../lib/gcc/avr/4.5.1/avr4\libgcc.a(_pack_sf.o)
 .debug_loc     0x000008f7      0x111 c:/program files (x86)/atmel/avr tools/avr toolchain/bin/../lib/gcc/avr/4.5.1/avr4\libgcc.a(_unpack_sf.o)

.debug_macinfo
 *(.debug_macinfo)
OUTPUT(Check_battery_firmware.elf elf32-avr)
LOAD linker stubs

.debug_pubtypes
                0x00000000      0x3bd
 .debug_pubtypes
                0x00000000       0x38 Check_battery_firmware.o
 .debug_pubtypes
                0x00000038       0x41 hardware.o
 .debug_pubtypes
                0x00000079       0x86 c:/program files (x86)/atmel/avr tools/avr toolchain/bin/../lib/gcc/avr/4.5.1/avr4\libgcc.a(_mul_sf.o)
 .debug_pubtypes
                0x000000ff       0x91 c:/program files (x86)/atmel/avr tools/avr toolchain/bin/../lib/gcc/avr/4.5.1/avr4\libgcc.a(_sf_to_si.o)
 .debug_pubtypes
                0x00000190       0x5b c:/program files (x86)/atmel/avr tools/avr toolchain/bin/../lib/gcc/avr/4.5.1/avr4\libgcc.a(_thenan_sf.o)
 .debug_pubtypes
                0x000001eb       0x73 c:/program files (x86)/atmel/avr tools/avr toolchain/bin/../lib/gcc/avr/4.5.1/avr4\libgcc.a(_usi_to_sf.o)
 .debug_pubtypes
                0x0000025e       0x35 c:/program files (x86)/atmel/avr tools/avr toolchain/bin/../lib/gcc/avr/4.5.1/avr4\libgcc.a(_clzsi2.o)
 .debug_pubtypes
                0x00000293       0x86 c:/program files (x86)/atmel/avr tools/avr toolchain/bin/../lib/gcc/avr/4.5.1/avr4\libgcc.a(_pack_sf.o)
 .debug_pubtypes
                0x00000319       0x86 c:/program files (x86)/atmel/avr tools/avr toolchain/bin/../lib/gcc/avr/4.5.1/avr4\libgcc.a(_unpack_sf.o)
 .debug_pubtypes
                0x0000039f       0x1e c:/program files (x86)/atmel/avr tools/avr toolchain/bin/../lib/gcc/avr/4.5.1/avr4\libgcc.a(_clz.o)

.debug_ranges   0x00000000       0x60
 .debug_ranges  0x00000000       0x30 hardware.o
 .debug_ranges  0x00000030       0x30 c:/program files (x86)/atmel/avr tools/avr toolchain/bin/../lib/gcc/avr/4.5.1/avr4\libgcc.a(_mul_sf.o)
